../Core/Src/main.c:85:6:Mecanum_Kinematics	48	static
../Core/Src/main.c:95:7:MsToRpm	16	static
../Core/Src/main.c:102:6:SetAllMotorsSpeed	24	static
../Core/Src/main.c:110:6:ReadAllMotorsSpeed	8	static
../Core/Src/main.c:118:6:UpdateOdometry	32	static
../Core/Src/main.c:135:6:StopAllMotors	8	static
../Core/Src/main.c:144:5:main	24	static
../Core/Src/main.c:223:6:SystemClock_Config	88	static
../Core/Src/main.c:266:6:HAL_CAN_RxFifo0MsgPendingCallback	16	static
../Core/Src/main.c:272:6:HAL_TIM_PeriodElapsedCallback	16	static
../Core/Src/main.c:285:6:Error_Handler	4	static,ignoring_inline_asm
